// Jest Snapshot v1, https://goo.gl/fbAQLP

exports[`<SignUpScreen /> rendering renders correctly 1`] = `
<View
  style={
    Object {
      "alignItems": "center",
      "backgroundColor": "rgb(212, 0, 0)",
      "flex": 1,
      "justifyContent": "flex-start",
      "width": "100%",
    }
  }
>
  <View
    style={
      Object {
        "marginBottom": 100,
        "marginTop": 100,
      }
    }
  >
    <Text
      style={
        Object {
          "fontSize": 67,
        }
      }
    >
      Sign Up
    </Text>
  </View>
  <View
    style={
      Object {
        "alignItems": "center",
        "width": "100%",
      }
    }
  >
    <View
      style={
        Object {
          "alignItems": "center",
          "backgroundColor": "white",
          "borderRadius": 5,
          "height": 40,
          "justifyContent": "center",
          "margin": 5,
          "width": "80%",
        }
      }
    >
      <TextInput
        allowFontScaling={true}
        onChangeText={[Function]}
        placeholder="Email"
        placeholderTextColor="#8f8f8f"
        rejectResponderTermination={true}
        style={
          Object {
            "borderRadius": 5,
            "borderWidth": 2,
            "height": "100%",
            "textAlign": "center",
            "width": "100%",
          }
        }
        underlineColorAndroid="transparent"
        value=""
      />
    </View>
    <View
      style={
        Object {
          "alignItems": "center",
          "backgroundColor": "white",
          "borderRadius": 5,
          "height": 40,
          "justifyContent": "center",
          "margin": 5,
          "width": "80%",
        }
      }
    >
      <TextInput
        allowFontScaling={true}
        onChangeText={[Function]}
        placeholder="First Name"
        placeholderTextColor="#8f8f8f"
        rejectResponderTermination={true}
        style={
          Object {
            "borderRadius": 5,
            "borderWidth": 2,
            "height": "100%",
            "textAlign": "center",
            "width": "100%",
          }
        }
        underlineColorAndroid="transparent"
        value=""
      />
    </View>
    <View
      style={
        Object {
          "alignItems": "center",
          "backgroundColor": "white",
          "borderRadius": 5,
          "height": 40,
          "justifyContent": "center",
          "margin": 5,
          "width": "80%",
        }
      }
    >
      <TextInput
        allowFontScaling={true}
        onChangeText={[Function]}
        placeholder="Last Name"
        placeholderTextColor="#8f8f8f"
        rejectResponderTermination={true}
        style={
          Object {
            "borderRadius": 5,
            "borderWidth": 2,
            "height": "100%",
            "textAlign": "center",
            "width": "100%",
          }
        }
        underlineColorAndroid="transparent"
        value=""
      />
    </View>
    <View
      style={
        Object {
          "alignItems": "center",
          "backgroundColor": "white",
          "borderRadius": 5,
          "height": 40,
          "justifyContent": "center",
          "margin": 5,
          "width": "80%",
        }
      }
    >
      <TextInput
        allowFontScaling={true}
        onChangeText={[Function]}
        placeholder="Password"
        placeholderTextColor="#8f8f8f"
        rejectResponderTermination={true}
        style={
          Object {
            "borderRadius": 5,
            "borderWidth": 2,
            "height": "100%",
            "textAlign": "center",
            "width": "100%",
          }
        }
        underlineColorAndroid="transparent"
        value=""
      />
    </View>
    <View
      style={
        Object {
          "backgroundColor": "black",
          "margin": 5,
          "width": 200,
        }
      }
    >
      <View
        accessibilityLabel="Create Account button"
        accessibilityRole="button"
        accessibilityState={Object {}}
        accessible={true}
        focusable={true}
        onClick={[Function]}
        onResponderGrant={[Function]}
        onResponderMove={[Function]}
        onResponderRelease={[Function]}
        onResponderTerminate={[Function]}
        onResponderTerminationRequest={[Function]}
        onStartShouldSetResponder={[Function]}
        style={
          Object {
            "opacity": 1,
          }
        }
      >
        <View
          style={
            Array [
              Object {},
            ]
          }
        >
          <Text
            style={
              Array [
                Object {
                  "color": "#007AFF",
                  "fontSize": 18,
                  "margin": 8,
                  "textAlign": "center",
                },
                Object {
                  "color": "white",
                },
              ]
            }
          >
            Create Account
          </Text>
        </View>
      </View>
    </View>
  </View>
</View>
`;
