// Jest Snapshot v1, https://goo.gl/fbAQLP

exports[`<App /> load renders correctly 1`] = `
<RNCSafeAreaProvider
  onInsetsChange={[Function]}
  style={
    Array [
      Object {
        "flex": 1,
      },
      undefined,
    ]
  }
>
  <RNSScreenStack
    style={
      Object {
        "flex": 1,
      }
    }
  >
    <RNSScreen
      forwardedRef={[Function]}
      onAppear={[Function]}
      onDisappear={[Function]}
      onDismissed={[Function]}
      onTransitionProgress={[Function]}
      onWillDisappear={[Function]}
      replaceAnimation="push"
      stackPresentation="push"
      style={
        Object {
          "bottom": 0,
          "left": 0,
          "position": "absolute",
          "right": 0,
          "top": 0,
        }
      }
    >
      <RNSScreenStackHeaderConfig
        backButtonInCustomView={false}
        backgroundColor="black"
        color="white"
        direction="ltr"
        disableBackButtonMenu={false}
        hidden={true}
        hideBackButton={false}
        largeTitleHideShadow={false}
        title="Landing Page"
        titleColor="white"
        titleFontWeight="bold"
        topInsetEnabled={false}
        translucent={false}
      />
      <View
        style={
          Array [
            Object {
              "flex": 1,
            },
            Object {
              "backgroundColor": "rgb(242, 242, 242)",
            },
            undefined,
          ]
        }
      >
        <View
          style={
            Object {
              "alignItems": "center",
              "backgroundColor": "rgb(212, 0, 0)",
              "flex": 1,
              "justifyContent": "center",
              "width": "100%",
            }
          }
        >
          <View
            style={Object {}}
          >
            <Text
              style={
                Object {
                  "fontSize": 40,
                }
              }
            >
              Fitness Challenge App
            </Text>
            <Text />
          </View>
          <View
            style={
              Object {
                "alignItems": "center",
                "width": "100%",
              }
            }
          >
            <View
              style={
                Object {
                  "alignItems": "center",
                  "backgroundColor": "white",
                  "borderRadius": 5,
                  "height": 40,
                  "justifyContent": "center",
                  "margin": 5,
                  "width": "80%",
                }
              }
            >
              <TextInput
                allowFontScaling={true}
                onChangeText={[Function]}
                placeholder="Email"
                placeholderTextColor="#8f8f8f"
                rejectResponderTermination={true}
                style={
                  Object {
                    "borderRadius": 5,
                    "borderWidth": 2,
                    "height": "100%",
                    "textAlign": "center",
                    "width": "100%",
                  }
                }
                underlineColorAndroid="transparent"
                value=""
              />
            </View>
            <View
              style={
                Object {
                  "alignItems": "center",
                  "backgroundColor": "white",
                  "borderRadius": 5,
                  "height": 40,
                  "justifyContent": "center",
                  "margin": 5,
                  "width": "80%",
                }
              }
            >
              <TextInput
                allowFontScaling={true}
                onChangeText={[Function]}
                placeholder="Password"
                placeholderTextColor="#8f8f8f"
                rejectResponderTermination={true}
                style={
                  Object {
                    "borderRadius": 5,
                    "borderWidth": 2,
                    "height": "100%",
                    "textAlign": "center",
                    "width": "100%",
                  }
                }
                underlineColorAndroid="transparent"
                value=""
              />
            </View>
            <View
              style={
                Object {
                  "backgroundColor": "black",
                  "margin": 5,
                  "width": 200,
                }
              }
            >
              <View
                accessibilityLabel="Sign in button"
                accessibilityRole="button"
                accessibilityState={Object {}}
                accessible={true}
                focusable={true}
                onClick={[Function]}
                onResponderGrant={[Function]}
                onResponderMove={[Function]}
                onResponderRelease={[Function]}
                onResponderTerminate={[Function]}
                onResponderTerminationRequest={[Function]}
                onStartShouldSetResponder={[Function]}
                style={
                  Object {
                    "opacity": 1,
                  }
                }
              >
                <View
                  style={
                    Array [
                      Object {},
                    ]
                  }
                >
                  <Text
                    style={
                      Array [
                        Object {
                          "color": "#007AFF",
                          "fontSize": 18,
                          "margin": 8,
                          "textAlign": "center",
                        },
                        Object {
                          "color": "white",
                        },
                      ]
                    }
                  >
                    Sign In
                  </Text>
                </View>
              </View>
            </View>
            <View
              style={
                Object {
                  "alignItems": "center",
                  "marginTop": 100,
                }
              }
            >
              <Text
                style={
                  Object {
                    "color": "white",
                    "fontSize": 15,
                    "fontWeight": "500",
                    "marginBottom": 10,
                    "textAlign": "center",
                  }
                }
              >
                Don't already have an account?
              </Text>
              <View
                style={
                  Object {
                    "backgroundColor": "white",
                    "margin": 5,
                    "width": 200,
                  }
                }
              >
                <View
                  accessibilityLabel="Sign up button"
                  accessibilityRole="button"
                  accessibilityState={Object {}}
                  accessible={true}
                  focusable={true}
                  onClick={[Function]}
                  onResponderGrant={[Function]}
                  onResponderMove={[Function]}
                  onResponderRelease={[Function]}
                  onResponderTerminate={[Function]}
                  onResponderTerminationRequest={[Function]}
                  onStartShouldSetResponder={[Function]}
                  style={
                    Object {
                      "opacity": 1,
                    }
                  }
                >
                  <View
                    style={
                      Array [
                        Object {},
                      ]
                    }
                  >
                    <Text
                      style={
                        Array [
                          Object {
                            "color": "#007AFF",
                            "fontSize": 18,
                            "margin": 8,
                            "textAlign": "center",
                          },
                          Object {
                            "color": "black",
                          },
                        ]
                      }
                    >
                      Sign Up
                    </Text>
                  </View>
                </View>
              </View>
            </View>
          </View>
        </View>
      </View>
    </RNSScreen>
  </RNSScreenStack>
</RNCSafeAreaProvider>
`;
